START-OF-LOG: 3.0
CONTEST: LY-WAL
CALLSIGN: LY5AT/M
CATEGORY-OPERATOR: SINGLE-OP
CATEGORY-STATION: MOBILE
CATEGORY-BAND: 80M
CATEGORY-POWER: LOW
CATEGORY-MODE: MIXED
CLAIMED-SCORE: 6000
NAME: 
SOAPBOX: WAL category M
CREATED-BY: WAL Logger
QSO:  3600 PH 2026-06-06 0600 LY5AT/M    59  J25  LY5GT      59  J24 
QSO:  3600 PH 2026-06-06 0601 LY5AT/M    59  J25  LY2HS      59  F29 
QSO:  3600 PH 2026-06-06 0601 LY5AT/M    59  J25  LY1DK      59  C21 
QSO:  3600 PH 2026-06-06 0606 LY5AT/M    59  J25  LY6C       59  L15 
QSO:  3600 PH 2026-06-06 0607 LY5AT/M    59  J25  LY2FN      59  I12 
QSO:  3600 PH 2026-06-06 0613 LY5AT/M    59  J25  LY1LI/M    59  L25 
QSO:  3600 PH 2026-06-06 0614 LY5AT/M    59  J25  LY7M       59  G26 
QSO:  3600 PH 2026-06-06 0619 LY5AT/M    59  J24  LY5GT      59  J24 
QSO:  3600 PH 2026-06-06 0620 LY5AT/M    59  J24  LY7M       59  G26 
QSO:  3600 PH 2026-06-06 0626 LY5AT/M    59  J24  LY2GX/P    59  G02 
QSO:  3600 PH 2026-06-06 0628 LY5AT/M    59  J24  LY4LA      59  E01 
QSO:  3600 PH 2026-06-06 0631 LY5AT/M    59  J24  LY1LI/M    59  L24 
QSO:  3600 PH 2026-06-06 0632 LY5AT/M    59  J24  LY6N/M     59  L22 
QSO:  3600 PH 2026-06-06 0633 LY5AT/M    59  J24  YL3QH      59  DX  
QSO:  3600 PH 2026-06-06 0637 LY5AT/M    59  K24  LY4LA      59  E01 
QSO:  3600 PH 2026-06-06 0640 LY5AT/M    59  K24  LY1YZ/P    59  H25 
QSO:  3600 PH 2026-06-06 0642 LY5AT/M    59  K25  YL3NT      59  DX  
QSO:  3600 PH 2026-06-06 0643 LY5AT/M    59  K25  LY5GT      59  J24 
QSO:  3600 PH 2026-06-06 0643 LY5AT/M    59  K25  LY2VO/P    59  D15 
QSO:  3600 PH 2026-06-06 0644 LY5AT/M    59  K25  LY2HS      59  F29 
QSO:  3600 PH 2026-06-06 0644 LY5AT/M    59  K25  YL3AD      59  DX  
QSO:  3600 PH 2026-06-06 0645 LY5AT/M    59  K25  LY6KW      59  K25 
QSO:  3600 PH 2026-06-06 0647 LY5AT/M    59  K24  YL3NT      59  DX  
QSO:  3600 PH 2026-06-06 0647 LY5AT/M    59  K24  LY2GX/P    59  G02 
QSO:  3600 PH 2026-06-06 0648 LY5AT/M    59  K24  LY5I       59  H31 
QSO:  3600 PH 2026-06-06 0649 LY5AT/M    59  K24  YL3QH      59  DX  
QSO:  3600 PH 2026-06-06 0649 LY5AT/M    59  K24  LY1YZ/P    59  H25 
QSO:  3600 PH 2026-06-06 0650 LY5AT/M    59  K24  LY5GT      59  J24 
QSO:  3600 PH 2026-06-06 0655 LY5AT/M    59  K24  LY2BDA     59  K25 
QSO:  3600 PH 2026-06-06 0655 LY5AT/M    59  K24  LY2WR      59  L21 
QSO:  3600 PH 2026-06-06 0658 LY5AT/M    59  K24  LY1LI/M    59  K24 
QSO:  3600 PH 2026-06-06 0659 LY5AT/M    59  K24  LY2BKT     59  D14 
QSO:  3600 PH 2026-06-06 0702 LY5AT/M    59  K25  LY2BKT     59  D14 
QSO:  3600 PH 2026-06-06 0703 LY5AT/M    59  K25  LY5GT      59  J24 
QSO:  3600 PH 2026-06-06 0703 LY5AT/M    59  K25  LY2GX/P    59  G02 
QSO:  3600 PH 2026-06-06 0705 LY5AT/M    59  K25  LY6C       59  L15 
QSO:  3600 PH 2026-06-06 0705 LY5AT/M    59  K25  YL3NT      59  DX  
QSO:  3600 PH 2026-06-06 0707 LY5AT/M    59  K25  LY1YZ/P    59  H25 
QSO:  3600 PH 2026-06-06 0708 LY5AT/M    59  K25  YL3QH      59  DX  
QSO:  3600 PH 2026-06-06 0710 LY5AT/M    59  K25  YL3AD      59  DX  
QSO:  3600 PH 2026-06-06 0711 LY5AT/M    59  K25  LY6KW      59  K25 
QSO:  3600 PH 2026-06-06 0711 LY5AT/M    59  K25  LY3CY      59  K26 
QSO:  3600 PH 2026-06-06 0712 LY5AT/M    59  K25  LY2BDA     59  K25 
QSO:  3600 PH 2026-06-06 0714 LY5AT/M    59  K25  LY2VO/P    59  D15 
QSO:  3600 PH 2026-06-06 0714 LY5AT/M    59  K25  LY2GX/P    59  G02 
QSO:  3600 PH 2026-06-06 0716 LY5AT/M    59  K25  LY1LI/M    59  L23 
QSO:  3600 PH 2026-06-06 0717 LY5AT/M    59  K24  LY2BKT     59  D14 
QSO:  3600 PH 2026-06-06 0717 LY5AT/M    59  K24  LY5GT      59  J24 
QSO:  3600 PH 2026-06-06 0718 LY5AT/M    59  K24  YL3AD      59  DX  
QSO:  3600 PH 2026-06-06 0720 LY5AT/M    59  K24  LY1YZ/P    59  H25 
QSO:  3600 PH 2026-06-06 0721 LY5AT/M    59  K24  YL3QH      59  DX  
QSO:  3600 PH 2026-06-06 0722 LY5AT/M    59  K24  LY1LI/M    59  L23 
QSO:  3600 PH 2026-06-06 0726 LY5AT/M    59  J25  LY5GT      59  J24 
QSO:  3600 PH 2026-06-06 0727 LY5AT/M    59  J25  LY6C       59  L15 
QSO:  3600 PH 2026-06-06 0727 LY5AT/M    59  J25  YL3QH      59  DX  
QSO:  3600 PH 2026-06-06 0728 LY5AT/M    59  J25  LY2GX/P    59  G02 
QSO:  3600 PH 2026-06-06 0728 LY5AT/M    59  J25  LY1LI/M    59  L23 
QSO:  3600 PH 2026-06-06 0730 LY5AT/M    59  J25  LY2RZ/M    59  I23 
QSO:  3600 PH 2026-06-06 0731 LY5AT/M    59  J25  LY4K/P     59  N16 
QSO:  3600 PH 2026-06-06 0732 LY5AT/M    59  J25  LY1YZ/P    59  H25 
QSO:  3600 PH 2026-06-06 0732 LY5AT/M    59  J25  LY6KW      59  K25 
QSO:  3600 PH 2026-06-06 0732 LY5AT/M    59  J25  LY2FN      59  I12 
QSO:  3600 PH 2026-06-06 0733 LY5AT/M    59  J25  LY2WR      59  L21 
QSO:  3600 PH 2026-06-06 0735 LY5AT/M    59  J24  LY5GT      59  J24 
QSO:  3600 PH 2026-06-06 0738 LY5AT/M    59  J24  YL3QH      59  DX  
QSO:  3600 PH 2026-06-06 0738 LY5AT/M    59  J24  YL3NT      59  DX  
QSO:  3600 PH 2026-06-06 0739 LY5AT/M    59  J24  LY1YZ/P    59  H25 
QSO:  3600 PH 2026-06-06 0739 LY5AT/M    59  J24  LY2BDA     59  K25 
QSO:  3600 PH 2026-06-06 0743 LY5AT/M    59  J24  LY6KW      59  K25 
QSO:  3600 PH 2026-06-06 0745 LY5AT/M    59  J24  LY2BKT     59  D14 
QSO:  3600 PH 2026-06-06 0745 LY5AT/M    59  J24  LY2FN      59  I12 
QSO:  3600 PH 2026-06-06 0746 LY5AT/M    59  J24  LY6C       59  L15 
QSO:  3600 PH 2026-06-06 0747 LY5AT/M    59  J24  LY5I       59  H31 
QSO:  3600 PH 2026-06-06 0749 LY5AT/M    59  J24  LY2GX/P    59  G02 
QSO:  3600 PH 2026-06-06 0752 LY5AT/M    59  J24  YL3AD      59  DX  
QSO:  3600 PH 2026-06-06 0752 LY5AT/M    59  J24  LY4K/P     59  N16 
QSO:  3600 PH 2026-06-06 0752 LY5AT/M    59  J24  LY2GX/P    59  G02 
QSO:  3600 PH 2026-06-06 0757 LY5AT/M    59  J24  LY2WR      59  L21 
QSO:  3600 PH 2026-06-06 0759 LY5AT/M    59  J25  LY2RZ/M    59  I24 
QSO:  3600 PH 2026-06-06 0800 LY5AT/M    59  J25  LY4K/P     59  N16 
QSO:  3600 PH 2026-06-06 0800 LY5AT/M    59  J25  LY3CY      59  K26 
QSO:  3600 PH 2026-06-06 0802 LY5AT/M    59  J25  LY5GT      59  J24 
QSO:  3600 PH 2026-06-06 0802 LY5AT/M    59  J25  LY6KW      59  K25 
QSO:  3600 PH 2026-06-06 0803 LY5AT/M    59  J25  LY2FN      59  I12 
QSO:  3600 PH 2026-06-06 0804 LY5AT/M    59  J25  LY1YZ/P    59  H25 
QSO:  3600 PH 2026-06-06 0804 LY5AT/M    59  J25  LY4K/P     59  N16 
QSO:  3600 PH 2026-06-06 0809 LY5AT/M    59  J24  LY2BDA     59  K25 
QSO:  3600 PH 2026-06-06 0810 LY5AT/M    59  J24  LY5GT      59  J24 
QSO:  3600 PH 2026-06-06 0812 LY5AT/M    59  J24  LY6KW      59  K25 
QSO:  3600 PH 2026-06-06 0813 LY5AT/M    59  J24  LY4K/P     59  N16 
QSO:  3600 PH 2026-06-06 0815 LY5AT/M    59  J24  YL3NT      59  DX  
QSO:  3600 PH 2026-06-06 0816 LY5AT/M    59  J24  LY2BKT     59  D14 
QSO:  3600 PH 2026-06-06 0819 LY5AT/M    59  J24  LY1YZ/P    59  H25 
QSO:  3600 PH 2026-06-06 0820 LY5AT/M    59  J24  LY2RZ/M    59  I25 
QSO:  3600 PH 2026-06-06 0820 LY5AT/M    59  J24  LY2FN      59  I12 
QSO:  3600 PH 2026-06-06 0825 LY5AT/M    59  K24  LY6KW      59  K25 
QSO:  3600 PH 2026-06-06 0826 LY5AT/M    59  K24  YL3QH      59  DX  
QSO:  3600 PH 2026-06-06 0828 LY5AT/M    59  K24  LY5GT      59  J24 
QSO:  3600 PH 2026-06-06 0829 LY5AT/M    59  K24  LY1YZ/P    59  H25 
QSO:  3600 PH 2026-06-06 0835 LY5AT/M    59  K25  YL3AD      59  DX  
QSO:  3600 PH 2026-06-06 0836 LY5AT/M    59  K25  LY1DK      59  C21 
QSO:  3600 PH 2026-06-06 0837 LY5AT/M    59  K25  LY6KW      59  K25 
QSO:  3600 PH 2026-06-06 0837 LY5AT/M    59  K25  LY3CY      59  K26 
QSO:  3600 PH 2026-06-06 0837 LY5AT/M    59  K25  LY2WR      59  L21 
QSO:  3600 PH 2026-06-06 0838 LY5AT/M    59  K25  LY5GT      59  J24 
QSO:  3600 PH 2026-06-06 0839 LY5AT/M    59  K25  LY2FN      59  I12 
QSO:  3600 PH 2026-06-06 0841 LY5AT/M    59  K25  LY4K/P     59  N16 
QSO:  3600 PH 2026-06-06 0844 LY5AT/M    59  K25  LY2RZ/M    59  H24 
QSO:  3600 PH 2026-06-06 0845 LY5AT/M    59  K25  LY1YZ/P    59  H25 
QSO:  3600 PH 2026-06-06 0851 LY5AT/M    59  K25  LY2BKT     59  D14 
END-OF-LOG:
